// Jest Snapshot v1, https://goo.gl/fbAQLP

exports[`App renders properly 1`] = `
<div>
  <h2>
    Loot Check
  </h2>
  <hr />
  <ConnectFunction />
  <hr />
  <ConnectFunction />
  <div>
    Powered by 
    <a
      href="https://www.coindesk.com/price"
      target="_blank"
    >
      Coindesk
    </a>
  </div>
</div>
`;
