// Jest Snapshot v1, https://goo.gl/fbAQLP

exports[`Wallet renders properly 1`] = `
<div>
  <h3
    className="balance"
  >
    Wallet balance: 
    20
  </h3>
  <br />
  <input
    className="input-wallet"
    onChange={[Function]}
  />
  <button
    className="btn-deposit"
    onClick={[Function]}
    type="button"
  >
    Deposit
  </button>
  <button
    className="btn-withdraw"
    onClick={[Function]}
    type="button"
  >
    Withdraw
  </button>
</div>
`;
